main.c:104:5:main	8	static
main.c:190:6:SystemClock_Config	232	static
main.c:245:13:MX_CAN1_Init	8	static
main.c:282:13:MX_USART2_UART_Init	8	static
main.c:317:13:MX_GPIO_Init	48	static
main.c:356:6:thread_transmit	32	static
main.c:385:6:thread_receive	16	static
main.c:401:6:serialMsg	16	static
main.c:405:6:CAN_Tx	24	static
main.c:440:6:CAN_Rx	16	static
main.c:469:6:CAN_filterConfig	48	static
main.c:492:6:StartDefaultTask	16	static
main.c:515:6:HAL_TIM_PeriodElapsedCallback	16	static
main.c:532:6:Error_Handler	4	static,ignoring_inline_asm
