main.c:104:5:main	8	static
main.c:187:6:SystemClock_Config	232	static
main.c:242:13:MX_CAN1_Init	8	static
main.c:279:13:MX_USART2_UART_Init	8	static
main.c:314:13:MX_GPIO_Init	48	static
main.c:353:6:thread_transmit	32	static
main.c:381:6:thread_receive	16	static
main.c:397:6:serialMsg	16	static
main.c:401:6:CAN_Tx	24	static
main.c:433:6:CAN_Rx	16	static
main.c:461:6:CAN_filterConfig	48	static
main.c:484:6:StartDefaultTask	16	static
main.c:504:6:HAL_TIM_PeriodElapsedCallback	16	static
main.c:521:6:Error_Handler	4	static,ignoring_inline_asm
