main.c:135:5:main	8	static
main.c:228:6:SystemClock_Config	232	static
main.c:293:13:MX_ADC1_Init	48	static
main.c:357:13:MX_CAN1_Init	48	static
main.c:415:13:MX_I2C1_Init	8	static
main.c:461:13:MX_SPI2_Init	8	static
main.c:501:13:MX_USART2_UART_Init	8	static
main.c:536:13:MX_GPIO_Init	48	static
main.c:596:6:serialMsg	16	static
main.c:600:6:serialClear	8	static
main.c:605:6:CAN_Tx	24	static
main.c:626:6:CAN_Rx	16	static
main.c:648:6:CAN_filterConfig	48	static
main.c:671:6:StartDefaultTask	16	static
main.c:689:6:StartBlinkyTask01	16	static
main.c:708:6:StartTaskReadAndPrint01	16	static
main.c:744:6:StartTaskReadTemperature	120	static
main.c:796:6:HAL_TIM_PeriodElapsedCallback	16	static
main.c:813:6:Error_Handler	4	static
