main.c:136:5:main	8	static
main.c:226:6:SystemClock_Config	232	static
main.c:291:13:MX_ADC1_Init	48	static
main.c:355:13:MX_CAN1_Init	8	static
main.c:391:13:MX_I2C1_Init	8	static
main.c:437:13:MX_SPI2_Init	8	static
main.c:477:13:MX_USART2_UART_Init	8	static
main.c:512:13:MX_GPIO_Init	48	static
main.c:572:6:serialMsg	16	static
main.c:576:6:serialClear	8	static
main.c:581:6:CAN_Tx	24	static
main.c:608:6:CAN_Rx	16	static
main.c:630:6:CAN_filterConfig	48	static
main.c:646:6:SendSensorData	24	static
main.c:669:6:StartDefaultTask	16	static
main.c:687:6:StartBlinkyTask01	16	static
main.c:706:6:StartTaskReadTemperature	104	static
main.c:763:6:HAL_TIM_PeriodElapsedCallback	16	static
main.c:780:6:Error_Handler	4	static
