15:42:53 **** Incremental Build of configuration Debug for project NucleoL476RG-freeRTOS ****
make -j16 all 
arm-none-eabi-gcc "../Core/Src/main.c" -mcpu=cortex-m4 -std=gnu11 -g3 -DUSE_HAL_DRIVER -DSTM32L476xx -DDEBUG -c -I../Core/Inc -I../Drivers/STM32L4xx_HAL_Driver/Inc -I../Drivers/STM32L4xx_HAL_Driver/Inc/Legacy -I../Drivers/CMSIS/Device/ST/STM32L4xx/Include -I../Drivers/CMSIS/Include -I../Middlewares/Third_Party/FreeRTOS/Source/include -I../Middlewares/Third_Party/FreeRTOS/Source/CMSIS_RTOS_V2 -I../Middlewares/Third_Party/FreeRTOS/Source/portable/GCC/ARM_CM4F -O0 -ffunction-sections -fdata-sections -Wall -fstack-usage -MMD -MP -MF"Core/Src/main.d" -MT"Core/Src/main.o" --specs=nano.specs -mfpu=fpv4-sp-d16 -mfloat-abi=hard -mthumb -o "Core/Src/main.o"
arm-none-eabi-gcc -o "NucleoL476RG-freeRTOS.elf" @"objects.list"   -mcpu=cortex-m4 -T"C:\Users\filip\STM32CubeIDE\workspace_1.4.0\NucleoL476RG-freeRTOS\STM32L476RGTX_FLASH.ld" --specs=nosys.specs -Wl,-Map="NucleoL476RG-freeRTOS.map" -Wl,--gc-sections -static --specs=nano.specs -mfpu=fpv4-sp-d16 -mfloat-abi=hard -mthumb -Wl,--start-group -lc -lm -Wl,--end-group
Finished building target: NucleoL476RG-freeRTOS.elf
 
arm-none-eabi-objdump -h -S  NucleoL476RG-freeRTOS.elf  > "NucleoL476RG-freeRTOS.list"
arm-none-eabi-objcopy  -O binary  NucleoL476RG-freeRTOS.elf  "NucleoL476RG-freeRTOS.bin"
arm-none-eabi-size   NucleoL476RG-freeRTOS.elf 
   text	   data	    bss	    dec	    hex	filename
  33248	    124	   8324	  41696	   a2e0	NucleoL476RG-freeRTOS.elf
Finished building: default.size.stdout
 
Finished building: NucleoL476RG-freeRTOS.bin
 
Finished building: NucleoL476RG-freeRTOS.list
 
15:43:39 **** Incremental Build of configuration Debug for project NucleoL476RG-freeRTOS ****
make -j16 all 
arm-none-eabi-size   NucleoL476RG-freeRTOS.elf 
   text	   data	    bss	    dec	    hex	filename
  33248	    124	   8324	  41696	   a2e0	NucleoL476RG-freeRTOS.elf
Finished building: default.size.stdout
 
