main.c:134:5:main	8	static
main.c:234:6:SystemClock_Config	232	static
main.c:299:13:MX_ADC1_Init	48	static
main.c:363:13:MX_CAN1_Init	48	static
main.c:421:13:MX_I2C1_Init	8	static
main.c:467:13:MX_USART2_UART_Init	8	static
main.c:502:13:MX_GPIO_Init	48	static
main.c:542:6:serialMsg	16	static
main.c:546:6:serialClear	8	static
main.c:551:6:CAN_Tx	24	static
main.c:572:6:CAN_Rx	16	static
main.c:596:6:CAN_filterConfig	48	static
main.c:619:6:StartDefaultTask	16	static
main.c:637:6:StartBlinkyTask01	16	static
main.c:656:6:StartTaskReadAndPrint01	16	static
main.c:691:6:StartTaskUpdateLCD	16	static
main.c:717:6:HAL_TIM_PeriodElapsedCallback	16	static
main.c:734:6:Error_Handler	4	static
