main.c:123:5:main	8	static
main.c:215:6:SystemClock_Config	232	static
main.c:278:13:MX_ADC1_Init	48	static
main.c:342:13:MX_CAN1_Init	8	static
main.c:379:13:MX_USART2_UART_Init	8	static
main.c:414:13:MX_GPIO_Init	48	static
main.c:454:6:serialMsg	16	static
main.c:458:6:serialClear	8	static
main.c:462:6:HAL_CAN_RxFifo0FullCallBack	16	static
main.c:466:6:CAN_Tx	16	static
main.c:482:6:CAN_Rx	16	static
main.c:501:6:CAN_filterConfig	48	static
main.c:524:6:StartDefaultTask	16	static
main.c:542:6:StartBlinkyTask01	16	static
main.c:561:6:StartBlinkyTask02	16	static
main.c:580:6:StartTaskReadAndPrint01	16	static
main.c:614:6:HAL_TIM_PeriodElapsedCallback	16	static
main.c:631:6:Error_Handler	4	static
